# serializer version: 1
# name: test_complex_tree_snapshot
  '''
  ```{mermaid}
  graph LR
      N0("Group Input"):::default-node
      N1("Subdivision Surface"):::geometry-node
      N2("Transform Geometry<br/><small>(-2,0,0)</small>"):::geometry-node
      N3("Transform Geometry<br/><small>(2,0,0)</small>"):::geometry-node
      N4("Join Geometry"):::geometry-node
      N5("Group Output"):::default-node
      N4 -->|"Geometry->Geometry"| N5
      N0 -->|"Geometry->Mesh"| N1
      N1 -->|"Mesh->Geometry"| N3
      N0 -->|"Scale->Scale"| N3
      N0 -->|"Geometry->Geometry"| N2
      N0 -->|"Scale->Scale"| N2
      N3 -->|"Geometry->Geometry"| N4
      N2 -->|"Geometry->Geometry"| N4
  ```
  '''
# ---
# name: test_simple_tree_snapshot
  '''
  ```{mermaid}
  graph LR
      N0("Group Input"):::default-node
      N1("Set Position<br/><small>+(0.5,0.5,0.5)</small>"):::geometry-node
      N2("Transform Geometry<br/><small>(1,2,3)</small>"):::geometry-node
      N3("Group Output"):::default-node
      N2 -->|"Geometry->Geometry"| N3
      N0 -->|"Geometry->Geometry"| N1
      N1 -->|"Geometry->Geometry"| N2
  ```
  '''
# ---
# name: test_tree_with_math_nodes
  '''
  ```{mermaid}
  graph LR
      N0("Group Input"):::default-node
      N1("Math<br/><small>(MULTIPLY)</small>"):::converter-node
      N2("Math<br/><small>(ADD)</small>"):::converter-node
      N3("Set Position"):::geometry-node
      N4("Group Output"):::default-node
      N3 -->|"Geometry->Geometry"| N4
      N2 -->|"Value->Result"| N4
      N0 -->|"Value->Value"| N1
      N1 -->|"Value->Value"| N2
      N0 -->|"Geometry->Geometry"| N3
      N2 -->|"Value->Offset"| N3
  ```
  '''
# ---
